Configuration on demand is an incubating feature.
> Task :buildSrc:compileJava UP-TO-DATE
> Task :buildSrc:compileGroovy NO-SOURCE
> Task :buildSrc:pluginDescriptors UP-TO-DATE
> Task :buildSrc:processResources UP-TO-DATE
> Task :buildSrc:classes UP-TO-DATE
> Task :buildSrc:jar UP-TO-DATE
> Task :buildSrc:assemble UP-TO-DATE
> Task :buildSrc:checkFormatMain UP-TO-DATE
> Task :buildSrc:checkFormatTest UP-TO-DATE
> Task :buildSrc:checkFormat UP-TO-DATE
> Task :buildSrc:checkstyleMain UP-TO-DATE
> Task :buildSrc:compileTestJava UP-TO-DATE
> Task :buildSrc:compileTestGroovy NO-SOURCE
> Task :buildSrc:processTestResources UP-TO-DATE
> Task :buildSrc:testClasses UP-TO-DATE
> Task :buildSrc:checkstyleTest UP-TO-DATE
> Task :buildSrc:pluginUnderTestMetadata UP-TO-DATE
> Task :buildSrc:test UP-TO-DATE
> Task :buildSrc:validatePlugins UP-TO-DATE
> Task :buildSrc:check UP-TO-DATE
> Task :buildSrc:build UP-TO-DATE
> Task :spring-boot-project:spring-boot:syncJavaTemplates UP-TO-DATE
> Task :spring-boot-project:spring-boot-autoconfigure:processResources UP-TO-DATE
> Task :spring-boot-project:spring-boot-tools:spring-boot-autoconfigure-processor:compileJava UP-TO-DATE
> Task :spring-boot-project:spring-boot-tools:spring-boot-configuration-processor:compileJava UP-TO-DATE
> Task :spring-boot-project:spring-boot-tools:spring-boot-configuration-processor:processResources UP-TO-DATE
> Task :spring-boot-project:spring-boot-tools:spring-boot-autoconfigure-processor:processResources UP-TO-DATE
> Task :spring-boot-project:spring-boot-tools:spring-boot-configuration-processor:classes UP-TO-DATE
> Task :spring-boot-project:spring-boot-tools:spring-boot-autoconfigure-processor:classes UP-TO-DATE
> Task :spring-boot-project:spring-boot-tools:spring-boot-configuration-processor:extractLegalResources UP-TO-DATE
> Task :spring-boot-project:spring-boot-tools:spring-boot-autoconfigure-processor:extractLegalResources UP-TO-DATE
> Task :spring-boot-project:spring-boot-tools:spring-boot-configuration-processor:jar UP-TO-DATE
> Task :spring-boot-project:spring-boot-tools:spring-boot-autoconfigure-processor:jar UP-TO-DATE
> Task :spring-boot-project:spring-boot-tools:spring-boot-test-support:compileJava UP-TO-DATE
> Task :spring-boot-project:spring-boot:compileKotlin UP-TO-DATE
> Task :spring-boot-project:spring-boot:processResources UP-TO-DATE
> Task :spring-boot-project:spring-boot:compileJava UP-TO-DATE
> Task :spring-boot-project:spring-boot-test:compileKotlin UP-TO-DATE
> Task :spring-boot-project:spring-boot-test:compileJava UP-TO-DATE
> Task :spring-boot-project:spring-boot-autoconfigure:compileKotlin UP-TO-DATE
> Task :spring-boot-project:spring-boot-autoconfigure:compileJava UP-TO-DATE
> Task :spring-boot-project:spring-boot-autoconfigure:classes UP-TO-DATE
> Task :spring-boot-project:spring-boot-autoconfigure:compileTestKotlin UP-TO-DATE

> Task :spring-boot-project:spring-boot-autoconfigure:compileTestJava
/Volumes/LIBIAO_EX/dev/GitHub/spring-boot-2.7/spring-boot-project/spring-boot-autoconfigure/src/test/java/org/springframework/boot/autoconfigure/thymeleaf/ThymeleafReactiveAutoConfigurationTests.java:34: 错误: 找不到符号
import org.thymeleaf.spring5.context.webflux.SpringWebFluxExpressionContext;
                                            ^
  符号:   类 SpringWebFluxExpressionContext
  位置: 程序包 org.thymeleaf.spring5.context.webflux
/Volumes/LIBIAO_EX/dev/GitHub/spring-boot-2.7/spring-boot-project/spring-boot-autoconfigure/src/test/java/org/springframework/boot/autoconfigure/thymeleaf/ThymeleafServletAutoConfigurationTests.java:224: 错误: 不兼容的类型: MockHttpServletRequest无法转换为IWebExchange
			WebContext attrs = new WebContext(new MockHttpServletRequest(), new MockHttpServletResponse(),
			                                  ^
/Volumes/LIBIAO_EX/dev/GitHub/spring-boot-2.7/spring-boot-project/spring-boot-autoconfigure/src/test/java/org/springframework/boot/autoconfigure/thymeleaf/ThymeleafReactiveAutoConfigurationTests.java:224: 错误: 找不到符号
			IContext attrs = new SpringWebFluxExpressionContext(exchange);
			                     ^
  符号:   类 SpringWebFluxExpressionContext
  位置: 类 ThymeleafReactiveAutoConfigurationTests
注: 某些输入文件使用或覆盖了已过时的 API。
注: 有关详细信息, 请使用 -Xlint:deprecation 重新编译。
注: 某些消息已经过简化; 请使用 -Xdiags:verbose 重新编译以获得完整输出
3 个错误

> Task :spring-boot-project:spring-boot-autoconfigure:compileTestJava FAILED

FAILURE: Build failed with an exception.

* What went wrong:
Execution failed for task ':spring-boot-project:spring-boot-autoconfigure:compileTestJava'.
> Compilation failed; see the compiler error output for details.

* Try:
> Run with --stacktrace option to get the stack trace.
> Run with --info or --debug option to get more log output.

* Get more help at https://help.gradle.org

BUILD FAILED in 56s
33 actionable tasks: 1 executed, 32 up-to-date

A build scan was not published as you have not authenticated with server 'ge.spring.io'.
For more information, please see https://gradle.com/help/gradle-authenticating-with-gradle-enterprise.
